OK: Simons did it
OK: Simons did it
OK: Simons did it
OK: Simons did it
OK: Simons did it
OK: Simons did it
OK: Simons did it
OK: Simons did it
OK: Simons did it
OK: Simons did it
OK: Simons did it
OK: Simons did it
OK: Simons did it
OK: Simons did it
OK: Simons did it
OK: Simons did it
OK: Simons did it
OK: Simons did it
OK: Simons did it
OK: Simons did it
